2025-06-25 21:32:09,566 [DEBUG]  Available web server routes: 
/conversations/<conversation_id:path>/messages     POST                           add_message
/conversations/<conversation_id:path>/tracker/events POST                           append_events
/webhooks/rasa                                     GET                            custom_webhook_RasaChatInput.health
/webhooks/rasa/webhook                             POST                           custom_webhook_RasaChatInput.receive
/webhooks/rest                                     GET                            custom_webhook_RestInput.health
/webhooks/rest/webhook                             POST                           custom_webhook_RestInput.receive
/model/test/intents                                POST                           evaluate_intents
/model/test/stories                                POST                           evaluate_stories
/conversations/<conversation_id:path>/execute      POST                           execute_action
/domain                                            GET                            get_domain
/                                                  GET                            hello
/model                                             PUT                            load_model
/model/parse                                       POST                           parse
/conversations/<conversation_id:path>/predict      POST                           predict
/conversations/<conversation_id:path>/tracker/events PUT                            replace_events
/conversations/<conversation_id:path>/story        GET                            retrieve_story
/conversations/<conversation_id:path>/tracker      GET                            retrieve_tracker
/status                                            GET                            status
/model/predict                                     POST                           tracker_predict
/model/train                                       POST                           train
/conversations/<conversation_id:path>/trigger_intent POST                           trigger_intent
/model                                             DELETE                         unload_model
/version                                           GET                            version
2025-06-25 21:32:09,566 [INFO ]  Starting Rasa server on http://0.0.0.0:5005
2025-06-25 21:32:09,566 [DEBUG]  Using the default number of Sanic workers (1).
2025-06-25 21:32:09,655 [DEBUG]  Skipping telemetry reporting: no license hash found.
2025-06-25 21:32:09,672 [DEBUG]  Connected to InMemoryTrackerStore.
2025-06-25 21:32:09,673 [DEBUG]  Connected to lock store 'InMemoryLockStore'.
2025-06-25 21:32:09,673 [DEBUG]  Instantiated NLG to 'TemplatedNaturalLanguageGenerator'.
2025-06-25 21:32:09,673 [INFO ]  Loading model models/20250624-213723-hot-moat.tar.gz...
2025-06-25 21:32:09,727 [DEBUG]  Extracted model to '/tmp/tmp88rx2cgq'.
2025-06-25 21:32:09,729 [DEBUG]  Node 'nlu_message_converter' loading 'NLUMessageConverter.load' and kwargs: '{}'.
2025-06-25 21:32:09,729 [DEBUG]  Node 'run_WhitespaceTokenizer0' loading 'WhitespaceTokenizer.load' and kwargs: '{}'.
2025-06-25 21:32:09,730 [DEBUG]  Node 'run_RegexFeaturizer1' loading 'RegexFeaturizer.load' and kwargs: '{}'.
2025-06-25 21:32:09,731 [DEBUG]  Resource 'train_RegexFeaturizer1' was requested for reading.
2025-06-25 21:32:09,731 [DEBUG]  Node 'run_LexicalSyntacticFeaturizer2' loading 'LexicalSyntacticFeaturizer.load' and kwargs: '{}'.
2025-06-25 21:32:09,733 [DEBUG]  Resource 'train_LexicalSyntacticFeaturizer2' was requested for reading.
2025-06-25 21:32:09,733 [DEBUG]  Node 'run_CountVectorsFeaturizer3' loading 'CountVectorsFeaturizer.load' and kwargs: '{}'.
2025-06-25 21:32:09,733 [DEBUG]  Resource 'train_CountVectorsFeaturizer3' was requested for reading.
2025-06-25 21:32:09,733 [DEBUG]  Node 'run_LanguageModelFeaturizer4' loading 'LanguageModelFeaturizer.load' and kwargs: '{}'.
2025-06-25 21:32:10,560 [DEBUG]  Loading Tokenizer and Model for bert
2025-06-25 21:32:10,562 [DEBUG]  Starting new HTTPS connection (1): huggingface.co:443
2025-06-25 21:32:10,907 [DEBUG]  https://huggingface.co:443 "HEAD /bert-base-cased/resolve/main/tokenizer_config.json HTTP/1.1" 200 0
2025-06-25 21:32:10,914 [DEBUG]  Attempting to acquire lock 265227343398176 on /root/.cache/huggingface/hub/.locks/models--bert-base-cased/2ba5de7675473164e07f3b3531748c9a6f113a2c.lock
2025-06-25 21:32:10,916 [DEBUG]  Lock 265227343398176 acquired on /root/.cache/huggingface/hub/.locks/models--bert-base-cased/2ba5de7675473164e07f3b3531748c9a6f113a2c.lock
2025-06-25 21:32:11,190 [DEBUG]  https://huggingface.co:443 "GET /bert-base-cased/resolve/main/tokenizer_config.json HTTP/1.1" 200 49
2025-06-25 21:32:11,198 [DEBUG]  Attempting to release lock 265227343398176 on /root/.cache/huggingface/hub/.locks/models--bert-base-cased/2ba5de7675473164e07f3b3531748c9a6f113a2c.lock
2025-06-25 21:32:11,199 [DEBUG]  Lock 265227343398176 released on /root/.cache/huggingface/hub/.locks/models--bert-base-cased/2ba5de7675473164e07f3b3531748c9a6f113a2c.lock
2025-06-25 21:32:11,629 [DEBUG]  https://huggingface.co:443 "GET /api/models/bert-base-cased/tree/main/additional_chat_templates?recursive=False&expand=False HTTP/1.1" 307 139
2025-06-25 21:32:11,823 [DEBUG]  https://huggingface.co:443 "GET /api/models/google-bert/bert-base-cased/tree/main/additional_chat_templates?recursive=False&expand=False HTTP/1.1" 404 64
2025-06-25 21:32:12,142 [DEBUG]  https://huggingface.co:443 "HEAD /bert-base-cased/resolve/main/vocab.txt HTTP/1.1" 200 0
2025-06-25 21:32:12,146 [DEBUG]  Attempting to acquire lock 265227343398704 on /root/.cache/huggingface/hub/.locks/models--bert-base-cased/2ea941cc79a6f3d7985ca6991ef4f67dad62af04.lock
2025-06-25 21:32:12,147 [DEBUG]  Lock 265227343398704 acquired on /root/.cache/huggingface/hub/.locks/models--bert-base-cased/2ea941cc79a6f3d7985ca6991ef4f67dad62af04.lock
2025-06-25 21:32:12,371 [DEBUG]  https://huggingface.co:443 "GET /bert-base-cased/resolve/main/vocab.txt HTTP/1.1" 200 213450
2025-06-25 21:32:12,567 [DEBUG]  Attempting to release lock 265227343398704 on /root/.cache/huggingface/hub/.locks/models--bert-base-cased/2ea941cc79a6f3d7985ca6991ef4f67dad62af04.lock
2025-06-25 21:32:12,567 [DEBUG]  Lock 265227343398704 released on /root/.cache/huggingface/hub/.locks/models--bert-base-cased/2ea941cc79a6f3d7985ca6991ef4f67dad62af04.lock
2025-06-25 21:32:12,721 [DEBUG]  https://huggingface.co:443 "HEAD /bert-base-cased/resolve/main/added_tokens.json HTTP/1.1" 404 0
2025-06-25 21:32:12,971 [DEBUG]  https://huggingface.co:443 "HEAD /bert-base-cased/resolve/main/special_tokens_map.json HTTP/1.1" 404 0
2025-06-25 21:32:13,124 [DEBUG]  https://huggingface.co:443 "HEAD /bert-base-cased/resolve/main/tokenizer.json HTTP/1.1" 200 0
2025-06-25 21:32:13,128 [DEBUG]  Attempting to acquire lock 265227343397024 on /root/.cache/huggingface/hub/.locks/models--bert-base-cased/1ab2a0d23e5a032b6dcd6a3d0976c2af4d2c27f8.lock
2025-06-25 21:32:13,131 [DEBUG]  Lock 265227343397024 acquired on /root/.cache/huggingface/hub/.locks/models--bert-base-cased/1ab2a0d23e5a032b6dcd6a3d0976c2af4d2c27f8.lock
2025-06-25 21:32:13,338 [DEBUG]  https://huggingface.co:443 "GET /bert-base-cased/resolve/main/tokenizer.json HTTP/1.1" 200 435797
2025-06-25 21:32:13,550 [DEBUG]  Attempting to release lock 265227343397024 on /root/.cache/huggingface/hub/.locks/models--bert-base-cased/1ab2a0d23e5a032b6dcd6a3d0976c2af4d2c27f8.lock
2025-06-25 21:32:13,550 [DEBUG]  Lock 265227343397024 released on /root/.cache/huggingface/hub/.locks/models--bert-base-cased/1ab2a0d23e5a032b6dcd6a3d0976c2af4d2c27f8.lock
2025-06-25 21:32:13,734 [DEBUG]  https://huggingface.co:443 "HEAD /bert-base-cased/resolve/main/chat_template.jinja HTTP/1.1" 404 0
2025-06-25 21:32:13,888 [DEBUG]  https://huggingface.co:443 "HEAD /bert-base-cased/resolve/main/config.json HTTP/1.1" 200 0
2025-06-25 21:32:13,889 [DEBUG]  Attempting to acquire lock 265227343397120 on /root/.cache/huggingface/hub/.locks/models--bert-base-cased/107460496b431545e4f921afb3fd5486fd2ae79d.lock
2025-06-25 21:32:13,889 [DEBUG]  Lock 265227343397120 acquired on /root/.cache/huggingface/hub/.locks/models--bert-base-cased/107460496b431545e4f921afb3fd5486fd2ae79d.lock
2025-06-25 21:32:14,039 [DEBUG]  https://huggingface.co:443 "GET /bert-base-cased/resolve/main/config.json HTTP/1.1" 200 570
2025-06-25 21:32:14,041 [DEBUG]  Attempting to release lock 265227343397120 on /root/.cache/huggingface/hub/.locks/models--bert-base-cased/107460496b431545e4f921afb3fd5486fd2ae79d.lock
2025-06-25 21:32:14,041 [DEBUG]  Lock 265227343397120 released on /root/.cache/huggingface/hub/.locks/models--bert-base-cased/107460496b431545e4f921afb3fd5486fd2ae79d.lock
2025-06-25 21:32:14,219 [DEBUG]  https://huggingface.co:443 "HEAD /bert-base-cased/resolve/main/config.json HTTP/1.1" 200 0
2025-06-25 21:32:14,385 [DEBUG]  https://huggingface.co:443 "HEAD /bert-base-cased/resolve/main/model.safetensors HTTP/1.1" 302 0
2025-06-25 21:32:14,390 [DEBUG]  Attempting to acquire lock 265227343398656 on /root/.cache/huggingface/hub/.locks/models--bert-base-cased/1d8bdcee6021e2c25f0325e84889b61c2eb26b843eef5659c247af138d64f050.lock
2025-06-25 21:32:14,391 [DEBUG]  Lock 265227343398656 acquired on /root/.cache/huggingface/hub/.locks/models--bert-base-cased/1d8bdcee6021e2c25f0325e84889b61c2eb26b843eef5659c247af138d64f050.lock
2025-06-25 21:32:14,570 [DEBUG]  https://huggingface.co:443 "GET /api/models/google-bert/bert-base-cased/xet-read-token/cd5ef92a9fb2f889e972770a36d4ed042daf221e HTTP/1.1" 200 325
2025-06-25 21:34:10,019 [DEBUG]  Attempting to release lock 265227343398656 on /root/.cache/huggingface/hub/.locks/models--bert-base-cased/1d8bdcee6021e2c25f0325e84889b61c2eb26b843eef5659c247af138d64f050.lock
2025-06-25 21:34:10,020 [DEBUG]  Lock 265227343398656 released on /root/.cache/huggingface/hub/.locks/models--bert-base-cased/1d8bdcee6021e2c25f0325e84889b61c2eb26b843eef5659c247af138d64f050.lock
2025-06-25 21:34:11,281 [DEBUG]  Node 'run_DIETClassifier5' loading 'DIETClassifier.load' and kwargs: '{}'.
2025-06-25 21:34:11,282 [DEBUG]  Resource 'train_DIETClassifier5' was requested for reading.
2025-06-25 21:34:11,288 [DEBUG]  Loading the model from /tmp/tmpxq404938/train_DIETClassifier5/DIETClassifier.tf_model with finetune_mode=False...
2025-06-25 21:34:11,318 [DEBUG]  You specified 'DIET' to train entities, but no entities are present in the training data. Skipping training of entities.
2025-06-25 21:34:11,333 [DEBUG]  Following metrics will be logged during training: 
2025-06-25 21:34:11,333 [DEBUG]    t_loss (total loss)
2025-06-25 21:34:11,334 [DEBUG]    i_acc (intent acc)
2025-06-25 21:34:11,334 [DEBUG]    i_loss (intent loss)
2025-06-25 21:34:14,867 [DEBUG]  Finished loading the model.
2025-06-25 21:34:14,868 [DEBUG]  Node 'run_EntitySynonymMapper6' loading 'EntitySynonymMapper.load' and kwargs: '{}'.
2025-06-25 21:34:14,868 [DEBUG]  Resource 'train_EntitySynonymMapper6' was requested for reading.
2025-06-25 21:34:14,868 [DEBUG]  Failed to load ABCMeta from model storage. Resource 'train_EntitySynonymMapper6' doesn't exist.
2025-06-25 21:34:14,868 [DEBUG]  Node 'run_ResponseSelector7' loading 'ResponseSelector.load' and kwargs: '{}'.
2025-06-25 21:34:14,868 [DEBUG]  Resource 'train_ResponseSelector7' was requested for reading.
2025-06-25 21:34:14,868 [DEBUG]  Failed to load ABCMeta from model storage. Resource 'train_ResponseSelector7' doesn't exist.
2025-06-25 21:34:14,868 [DEBUG]  Resource 'train_ResponseSelector7' was requested for reading.
2025-06-25 21:34:14,868 [DEBUG]  Failed to load ResponseSelector from model storage. Resource 'train_ResponseSelector7' doesn't exist.
2025-06-25 21:34:14,868 [DEBUG]  Node 'run_RegexMessageHandler' loading 'RegexMessageHandler.load' and kwargs: '{}'.
2025-06-25 21:34:14,869 [DEBUG]  Node 'domain_provider' loading 'DomainProvider.load' and kwargs: '{}'.
2025-06-25 21:34:14,869 [DEBUG]  Resource 'domain_provider' was requested for reading.
2025-06-25 21:34:14,900 [DEBUG]  Node 'run_MemoizationPolicy0' loading 'MemoizationPolicy.load' and kwargs: '{}'.
2025-06-25 21:34:14,900 [DEBUG]  Resource 'train_MemoizationPolicy0' was requested for reading.
2025-06-25 21:34:14,901 [DEBUG]  Node 'run_RulePolicy1' loading 'RulePolicy.load' and kwargs: '{}'.
2025-06-25 21:34:14,901 [DEBUG]  Resource 'train_RulePolicy1' was requested for reading.
2025-06-25 21:34:14,901 [DEBUG]  Node 'run_TEDPolicy2' loading 'TEDPolicy.load' and kwargs: '{}'.
2025-06-25 21:34:14,902 [DEBUG]  Resource 'train_TEDPolicy2' was requested for reading.
2025-06-25 21:34:14,903 [DEBUG]  Loading the model from /tmp/tmpxq404938/train_TEDPolicy2/ted_policy.tf_model with finetune_mode=False...
2025-06-25 21:34:19,361 [DEBUG]  Finished loading the model.
2025-06-25 21:34:19,362 [DEBUG]  Node 'rule_only_data_provider' loading 'RuleOnlyDataProvider.load' and kwargs: '{}'.
2025-06-25 21:34:19,362 [DEBUG]  Resource 'train_RulePolicy1' was requested for reading.
2025-06-25 21:34:19,362 [DEBUG]  Node 'select_prediction' loading 'DefaultPolicyPredictionEnsemble.load' and kwargs: '{}'.
2025-06-25 21:34:19,363 [INFO ]  Rasa server is up and running.
2025-06-25 21:34:19,369 [INFO ]  Enabling coroutine debugging. Loop id 205729488370288.
2025-06-25 21:34:48,090 [DEBUG]  Issuing ticket for conversation 'PractikumStudent'.
2025-06-25 21:34:48,091 [DEBUG]  Acquiring lock for conversation 'PractikumStudent'.
2025-06-25 21:34:48,091 [DEBUG]  Acquired lock for conversation 'PractikumStudent'.
2025-06-25 21:34:48,092 [DEBUG]  Could not find tracker for conversation ID 'PractikumStudent'.
2025-06-25 21:34:48,093 [DEBUG]  No event broker configured. Skipping streaming events.
2025-06-25 21:34:48,094 [DEBUG]  Starting a new session for conversation ID 'PractikumStudent'.
2025-06-25 21:34:48,098 [DEBUG]  [[32m[1mdebug    [0m] [1mprocessor.actions.policy_prediction[0m [36mprediction_events[0m=[35m[][0m
2025-06-25 21:34:48,099 [DEBUG]  [[32m[1mdebug    [0m] [1mprocessor.actions.log         [0m [36maction_name[0m=[35maction_session_start[0m [36mrasa_events[0m=[35m[<rasa.shared.core.events.SessionStarted object at 0xf138fe9b6890>, ActionExecuted(action: action_listen, policy: None, confidence: None)][0m
2025-06-25 21:34:48,100 [DEBUG]  [[32m[1mdebug    [0m] [1mprocessor.slots.log           [0m [36mslot_values[0m=[35m	topic: None
	session_started_metadata: None[0m
2025-06-25 21:34:48,100 [DEBUG]  Running graph with inputs: {'__message__': [<rasa.core.channels.channel.UserMessage object at 0xf138fff63af0>], '__tracker__': <rasa.shared.core.trackers.DialogueStateTracker object at 0xf138fff63ca0>}, targets: ['run_RegexMessageHandler'] and ExecutionContext(model_id='a36ba7aea3e24de790dd6f70227bca7d', should_add_diagnostic_data=False, is_finetuning=False, node_name=None).
2025-06-25 21:34:48,105 [DEBUG]  Node 'nlu_message_converter' running 'NLUMessageConverter.convert_user_message'.
2025-06-25 21:34:48,106 [DEBUG]  Node 'run_WhitespaceTokenizer0' running 'WhitespaceTokenizer.process'.
2025-06-25 21:34:48,111 [DEBUG]  Node 'run_RegexFeaturizer1' running 'RegexFeaturizer.process'.
2025-06-25 21:34:48,112 [DEBUG]  Node 'run_LexicalSyntacticFeaturizer2' running 'LexicalSyntacticFeaturizer.process'.
2025-06-25 21:34:48,113 [DEBUG]  Node 'run_CountVectorsFeaturizer3' running 'CountVectorsFeaturizer.process'.
2025-06-25 21:34:48,118 [DEBUG]  Node 'run_LanguageModelFeaturizer4' running 'LanguageModelFeaturizer.process'.
2025-06-25 21:34:48,289 [DEBUG]  Node 'run_DIETClassifier5' running 'DIETClassifier.process'.
2025-06-25 21:34:48,362 [DEBUG]  Node 'run_EntitySynonymMapper6' running 'EntitySynonymMapper.process'.
2025-06-25 21:34:48,362 [DEBUG]  Node 'run_ResponseSelector7' running 'ResponseSelector.process'.
2025-06-25 21:34:48,363 [DEBUG]  There is no trained model for 'ResponseSelector': The component is either not trained or didn't receive enough training data.
2025-06-25 21:34:48,363 [DEBUG]  Adding following selector key to message property: default
2025-06-25 21:34:48,363 [DEBUG]  Node 'domain_provider' running 'DomainProvider.provide_inference'.
2025-06-25 21:34:48,363 [DEBUG]  Node 'run_RegexMessageHandler' running 'RegexMessageHandler.process'.
2025-06-25 21:34:48,363 [DEBUG]  [[32m[1mdebug    [0m] [1mprocessor.message.parse       [0m [36mparse_data_entities[0m=[35m[][0m [36mparse_data_intent[0m=[35m{'name': 'greet', 'confidence': 0.2174549251794815}[0m [36mparse_data_text[0m=[35mПривет![0m
2025-06-25 21:34:48,363 [DEBUG]  Logged UserUtterance - tracker now has 4 events.
2025-06-25 21:34:48,364 [DEBUG]  Validating extracted slots: topic
2025-06-25 21:34:48,364 [DEBUG]  [[32m[1mdebug    [0m] [1mprocessor.extract.slots       [0m [36maction_extract_slot[0m=[35maction_extract_slots[0m [36mlen_extraction_events[0m=[35m1[0m [36mrasa_events[0m=[35m[SlotSet(key: topic, value: Привет!)][0m
2025-06-25 21:34:48,365 [DEBUG]  Running graph with inputs: {'__tracker__': <rasa.shared.core.trackers.DialogueStateTracker object at 0xf138fff63ca0>}, targets: ['select_prediction'] and ExecutionContext(model_id='a36ba7aea3e24de790dd6f70227bca7d', should_add_diagnostic_data=False, is_finetuning=False, node_name=None).
2025-06-25 21:34:48,365 [DEBUG]  Node 'rule_only_data_provider' running 'RuleOnlyDataProvider.provide'.
2025-06-25 21:34:48,365 [DEBUG]  Node 'domain_provider' running 'DomainProvider.provide_inference'.
2025-06-25 21:34:48,365 [DEBUG]  Node 'run_MemoizationPolicy0' running 'MemoizationPolicy.predict_action_probabilities'.
2025-06-25 21:34:48,365 [DEBUG]  [[32m[1mdebug    [0m] [1mmemoization.predict.actions   [0m [36mtracker_states[0m=[35m[{}, {'user': {'intent': 'greet'}, 'prev_action': {'action_name': 'action_listen'}}][0m
2025-06-25 21:34:48,366 [DEBUG]  There is a memorised next action 'utter_greet'
2025-06-25 21:34:48,366 [DEBUG]  Node 'run_RulePolicy1' running 'RulePolicy.predict_action_probabilities'.
2025-06-25 21:34:48,366 [DEBUG]  [[32m[1mdebug    [0m] [1mrule_policy.actions.find      [0m [36mcurrent_states[0m=[35m
[state 1] user text: Привет! | previous action name: action_listen[0m
2025-06-25 21:34:48,366 [DEBUG]  There is no applicable rule.
2025-06-25 21:34:48,366 [DEBUG]  [[32m[1mdebug    [0m] [1mrule_policy.actions.find      [0m [36mcurrent_states[0m=[35m
[state 1] user intent: greet | previous action name: action_listen[0m
2025-06-25 21:34:48,367 [DEBUG]  There is a rule for the next action 'utter_greet'.
2025-06-25 21:34:48,367 [DEBUG]  Node 'run_TEDPolicy2' running 'TEDPolicy.predict_action_probabilities'.
2025-06-25 21:34:48,369 [DEBUG]  TED predicted 'action_unlikely_intent' based on user intent.
2025-06-25 21:34:48,369 [DEBUG]  Node 'select_prediction' running 'DefaultPolicyPredictionEnsemble.combine_predictions_from_kwargs'.
2025-06-25 21:34:48,369 [DEBUG]  Made prediction using user intent.
2025-06-25 21:34:48,369 [DEBUG]  Added `DefinePrevUserUtteredFeaturization(False)` event.
2025-06-25 21:34:48,369 [DEBUG]  Predicted next action using RulePolicy.
2025-06-25 21:34:48,369 [DEBUG]  Predicted next action 'utter_greet' with confidence 1.00.
2025-06-25 21:34:48,371 [DEBUG]  [[32m[1mdebug    [0m] [1mprocessor.actions.policy_prediction[0m [36mprediction_events[0m=[35m[<rasa.shared.core.events.DefinePrevUserUtteredFeaturization object at 0xf138feac3490>][0m
2025-06-25 21:34:48,371 [DEBUG]  [[32m[1mdebug    [0m] [1mprocessor.actions.log         [0m [36maction_name[0m=[35mutter_greet[0m [36mrasa_events[0m=[35m[BotUttered('Привет! Чем могу помочь в области архитектуры программного обеспечения?', {"elements": null, "quick_replies": null, "buttons": null, "attachment": null, "image": null, "custom": null}, {"utter_action": "utter_greet"}, 1750887288.3709745)][0m
2025-06-25 21:34:48,371 [DEBUG]  Running graph with inputs: {'__tracker__': <rasa.shared.core.trackers.DialogueStateTracker object at 0xf138fff63ca0>}, targets: ['select_prediction'] and ExecutionContext(model_id='a36ba7aea3e24de790dd6f70227bca7d', should_add_diagnostic_data=False, is_finetuning=False, node_name=None).
2025-06-25 21:34:48,371 [DEBUG]  Node 'rule_only_data_provider' running 'RuleOnlyDataProvider.provide'.
2025-06-25 21:34:48,371 [DEBUG]  Node 'domain_provider' running 'DomainProvider.provide_inference'.
2025-06-25 21:34:48,371 [DEBUG]  Node 'run_MemoizationPolicy0' running 'MemoizationPolicy.predict_action_probabilities'.
2025-06-25 21:34:48,371 [DEBUG]  [[32m[1mdebug    [0m] [1mmemoization.predict.actions   [0m [36mtracker_states[0m=[35m[{'user': {'intent': 'greet'}, 'prev_action': {'action_name': 'action_listen'}}, {'user': {'intent': 'greet'}, 'prev_action': {'action_name': 'utter_greet'}}][0m
2025-06-25 21:34:48,372 [DEBUG]  There is a memorised next action 'action_listen'
2025-06-25 21:34:48,372 [DEBUG]  Node 'run_RulePolicy1' running 'RulePolicy.predict_action_probabilities'.
2025-06-25 21:34:48,372 [DEBUG]  [[32m[1mdebug    [0m] [1mrule_policy.actions.find      [0m [36mcurrent_states[0m=[35m
[state 1] user intent: greet | previous action name: action_listen
[state 2] user intent: greet | previous action name: utter_greet[0m
2025-06-25 21:34:48,372 [DEBUG]  There is a rule for the next action 'action_listen'.
2025-06-25 21:34:48,372 [DEBUG]  Node 'run_TEDPolicy2' running 'TEDPolicy.predict_action_probabilities'.
2025-06-25 21:34:48,375 [DEBUG]  TED predicted 'action_unlikely_intent' based on user intent.
2025-06-25 21:34:48,375 [DEBUG]  Node 'select_prediction' running 'DefaultPolicyPredictionEnsemble.combine_predictions_from_kwargs'.
2025-06-25 21:34:48,375 [DEBUG]  Predicted next action using RulePolicy.
2025-06-25 21:34:48,375 [DEBUG]  Predicted next action 'action_listen' with confidence 1.00.
2025-06-25 21:34:48,375 [DEBUG]  [[32m[1mdebug    [0m] [1mprocessor.actions.policy_prediction[0m [36mprediction_events[0m=[35m[][0m
2025-06-25 21:34:48,375 [DEBUG]  [[32m[1mdebug    [0m] [1mprocessor.actions.log         [0m [36maction_name[0m=[35maction_listen[0m [36mrasa_events[0m=[35m[][0m
2025-06-25 21:34:48,375 [DEBUG]  No event broker configured. Skipping streaming events.
2025-06-25 21:34:48,376 [DEBUG]  Deleted lock for conversation 'PractikumStudent'.
2025-06-25 21:34:51,642 [DEBUG]  Issuing ticket for conversation 'PractikumStudent'.
2025-06-25 21:34:51,642 [DEBUG]  Acquiring lock for conversation 'PractikumStudent'.
2025-06-25 21:34:51,642 [DEBUG]  Acquired lock for conversation 'PractikumStudent'.
2025-06-25 21:34:51,643 [DEBUG]  Recreating tracker for id 'PractikumStudent'
2025-06-25 21:34:51,645 [DEBUG]  Running graph with inputs: {'__message__': [<rasa.core.channels.channel.UserMessage object at 0xf1390ed65b70>], '__tracker__': <rasa.shared.core.trackers.DialogueStateTracker object at 0xf138fff61390>}, targets: ['run_RegexMessageHandler'] and ExecutionContext(model_id='a36ba7aea3e24de790dd6f70227bca7d', should_add_diagnostic_data=False, is_finetuning=False, node_name=None).
2025-06-25 21:34:51,646 [DEBUG]  Node 'nlu_message_converter' running 'NLUMessageConverter.convert_user_message'.
2025-06-25 21:34:51,646 [DEBUG]  Node 'run_WhitespaceTokenizer0' running 'WhitespaceTokenizer.process'.
2025-06-25 21:34:51,646 [DEBUG]  Node 'run_RegexFeaturizer1' running 'RegexFeaturizer.process'.
2025-06-25 21:34:51,647 [DEBUG]  Node 'run_LexicalSyntacticFeaturizer2' running 'LexicalSyntacticFeaturizer.process'.
2025-06-25 21:34:51,647 [DEBUG]  Node 'run_CountVectorsFeaturizer3' running 'CountVectorsFeaturizer.process'.
2025-06-25 21:34:51,649 [DEBUG]  Node 'run_LanguageModelFeaturizer4' running 'LanguageModelFeaturizer.process'.
2025-06-25 21:34:51,820 [DEBUG]  Node 'run_DIETClassifier5' running 'DIETClassifier.process'.
2025-06-25 21:34:51,822 [DEBUG]  Node 'run_EntitySynonymMapper6' running 'EntitySynonymMapper.process'.
2025-06-25 21:34:51,822 [DEBUG]  Node 'run_ResponseSelector7' running 'ResponseSelector.process'.
2025-06-25 21:34:51,822 [DEBUG]  There is no trained model for 'ResponseSelector': The component is either not trained or didn't receive enough training data.
2025-06-25 21:34:51,822 [DEBUG]  Adding following selector key to message property: default
2025-06-25 21:34:51,822 [DEBUG]  Node 'domain_provider' running 'DomainProvider.provide_inference'.
2025-06-25 21:34:51,822 [DEBUG]  Node 'run_RegexMessageHandler' running 'RegexMessageHandler.process'.
2025-06-25 21:34:51,823 [DEBUG]  [[32m[1mdebug    [0m] [1mprocessor.message.parse       [0m [36mparse_data_entities[0m=[35m[][0m [36mparse_data_intent[0m=[35m{'name': 'ask_architecture', 'confidence': 0.31218457221984863}[0m [36mparse_data_text[0m=[35mКакие подходы существуют в архитектуре?[0m
2025-06-25 21:34:51,823 [DEBUG]  Logged UserUtterance - tracker now has 10 events.
2025-06-25 21:34:51,823 [DEBUG]  Validating extracted slots: topic
2025-06-25 21:34:51,823 [DEBUG]  [[32m[1mdebug    [0m] [1mprocessor.extract.slots       [0m [36maction_extract_slot[0m=[35maction_extract_slots[0m [36mlen_extraction_events[0m=[35m1[0m [36mrasa_events[0m=[35m[SlotSet(key: topic, value: Какие подходы существуют в архитектуре?)][0m
2025-06-25 21:34:51,823 [DEBUG]  Running graph with inputs: {'__tracker__': <rasa.shared.core.trackers.DialogueStateTracker object at 0xf138fff61390>}, targets: ['select_prediction'] and ExecutionContext(model_id='a36ba7aea3e24de790dd6f70227bca7d', should_add_diagnostic_data=False, is_finetuning=False, node_name=None).
2025-06-25 21:34:51,823 [DEBUG]  Node 'rule_only_data_provider' running 'RuleOnlyDataProvider.provide'.
2025-06-25 21:34:51,823 [DEBUG]  Node 'domain_provider' running 'DomainProvider.provide_inference'.
2025-06-25 21:34:51,823 [DEBUG]  Node 'run_MemoizationPolicy0' running 'MemoizationPolicy.predict_action_probabilities'.
2025-06-25 21:34:51,823 [DEBUG]  [[32m[1mdebug    [0m] [1mmemoization.predict.actions   [0m [36mtracker_states[0m=[35m[{'user': {'intent': 'greet'}, 'prev_action': {'action_name': 'utter_greet'}}, {'user': {'intent': 'ask_architecture'}, 'prev_action': {'action_name': 'action_listen'}}][0m
2025-06-25 21:34:51,824 [DEBUG]  There is a memorised next action 'utter_architecture_response'
2025-06-25 21:34:51,824 [DEBUG]  Node 'run_RulePolicy1' running 'RulePolicy.predict_action_probabilities'.
2025-06-25 21:34:51,824 [DEBUG]  [[32m[1mdebug    [0m] [1mrule_policy.actions.find      [0m [36mcurrent_states[0m=[35m
[state 1] user intent: greet | previous action name: action_listen
[state 2] user intent: greet | previous action name: utter_greet
[state 3] user text: Какие подходы существуют в архитектуре? | previous action name: action_listen[0m
2025-06-25 21:34:51,824 [DEBUG]  There is no applicable rule.
2025-06-25 21:34:51,824 [DEBUG]  [[32m[1mdebug    [0m] [1mrule_policy.actions.find      [0m [36mcurrent_states[0m=[35m
[state 1] user intent: greet | previous action name: action_listen
[state 2] user intent: greet | previous action name: utter_greet
[state 3] user intent: ask_architecture | previous action name: action_listen[0m
2025-06-25 21:34:51,824 [DEBUG]  There is a rule for the next action 'utter_architecture_response'.
2025-06-25 21:34:51,824 [DEBUG]  Node 'run_TEDPolicy2' running 'TEDPolicy.predict_action_probabilities'.
2025-06-25 21:34:51,826 [DEBUG]  TED predicted 'action_unlikely_intent' based on user intent.
2025-06-25 21:34:51,826 [DEBUG]  Node 'select_prediction' running 'DefaultPolicyPredictionEnsemble.combine_predictions_from_kwargs'.
2025-06-25 21:34:51,827 [DEBUG]  Made prediction using user intent.
2025-06-25 21:34:51,827 [DEBUG]  Added `DefinePrevUserUtteredFeaturization(False)` event.
2025-06-25 21:34:51,827 [DEBUG]  Predicted next action using RulePolicy.
2025-06-25 21:34:51,827 [DEBUG]  Predicted next action 'utter_architecture_response' with confidence 1.00.
2025-06-25 21:34:51,827 [DEBUG]  [[32m[1mdebug    [0m] [1mprocessor.actions.policy_prediction[0m [36mprediction_events[0m=[35m[<rasa.shared.core.events.DefinePrevUserUtteredFeaturization object at 0xf138fe84bd60>][0m
2025-06-25 21:34:51,828 [DEBUG]  [[32m[1mdebug    [0m] [1mprocessor.actions.log         [0m [36maction_name[0m=[35mutter_architecture_response[0m [36mrasa_events[0m=[35m[BotUttered('Архитектура ПО включает выбор структур, которые обеспечивают масштабируемость, гибкость и поддерживаемость приложения. Задайте конкретный вопрос по этой теме, и я помогу вам с информацией.', {"elements": null, "quick_replies": null, "buttons": null, "attachment": null, "image": null, "custom": null}, {"utter_action": "utter_architecture_response"}, 1750887291.8278682)][0m
2025-06-25 21:34:51,828 [DEBUG]  Running graph with inputs: {'__tracker__': <rasa.shared.core.trackers.DialogueStateTracker object at 0xf138fff61390>}, targets: ['select_prediction'] and ExecutionContext(model_id='a36ba7aea3e24de790dd6f70227bca7d', should_add_diagnostic_data=False, is_finetuning=False, node_name=None).
2025-06-25 21:34:51,828 [DEBUG]  Node 'rule_only_data_provider' running 'RuleOnlyDataProvider.provide'.
2025-06-25 21:34:51,828 [DEBUG]  Node 'domain_provider' running 'DomainProvider.provide_inference'.
2025-06-25 21:34:51,829 [DEBUG]  Node 'run_MemoizationPolicy0' running 'MemoizationPolicy.predict_action_probabilities'.
2025-06-25 21:34:51,829 [DEBUG]  [[32m[1mdebug    [0m] [1mmemoization.predict.actions   [0m [36mtracker_states[0m=[35m[{'user': {'intent': 'ask_architecture'}, 'prev_action': {'action_name': 'action_listen'}}, {'user': {'intent': 'ask_architecture'}, 'prev_action': {'action_name': 'utter_architecture_response'}}][0m
2025-06-25 21:34:51,829 [DEBUG]  There is a memorised next action 'action_listen'
2025-06-25 21:34:51,829 [DEBUG]  Node 'run_RulePolicy1' running 'RulePolicy.predict_action_probabilities'.
2025-06-25 21:34:51,830 [DEBUG]  [[32m[1mdebug    [0m] [1mrule_policy.actions.find      [0m [36mcurrent_states[0m=[35m
[state 1] user intent: greet | previous action name: action_listen
[state 2] user intent: greet | previous action name: utter_greet
[state 3] user intent: ask_architecture | previous action name: action_listen
[state 4] user intent: ask_architecture | previous action name: utter_architecture_response[0m
2025-06-25 21:34:51,830 [DEBUG]  There is a rule for the next action 'action_listen'.
2025-06-25 21:34:51,830 [DEBUG]  Node 'run_TEDPolicy2' running 'TEDPolicy.predict_action_probabilities'.
2025-06-25 21:34:51,832 [DEBUG]  TED predicted 'action_unlikely_intent' based on user intent.
2025-06-25 21:34:51,832 [DEBUG]  Node 'select_prediction' running 'DefaultPolicyPredictionEnsemble.combine_predictions_from_kwargs'.
2025-06-25 21:34:51,832 [DEBUG]  Predicted next action using RulePolicy.
2025-06-25 21:34:51,832 [DEBUG]  Predicted next action 'action_listen' with confidence 1.00.
2025-06-25 21:34:51,833 [DEBUG]  [[32m[1mdebug    [0m] [1mprocessor.actions.policy_prediction[0m [36mprediction_events[0m=[35m[][0m
2025-06-25 21:34:51,833 [DEBUG]  [[32m[1mdebug    [0m] [1mprocessor.actions.log         [0m [36maction_name[0m=[35maction_listen[0m [36mrasa_events[0m=[35m[][0m
2025-06-25 21:34:51,833 [DEBUG]  No event broker configured. Skipping streaming events.
2025-06-25 21:34:51,833 [DEBUG]  Deleted lock for conversation 'PractikumStudent'.
